[www.dream11.com/index.html]
[cdn.ampproject.org/v0.js]
[www.dream11.com/public/static_fonts/roboto-black-webfont.woff2]
[www.dream11.com/public/static_fonts/roboto-medium-webfont.woff2]
[www.dream11.com/public/static_fonts/roboto-bold-webfont.woff2]
[www.dream11.com/public/static_fonts/roboto-regular-webfont.woff2]
[cdn.ampproject.org/v0/amp-iframe-0.1.js]
[cdn.ampproject.org/v0/amp-lightbox-0.1.js]
[cdn.ampproject.org/v0/amp-analytics-0.1.js]
[www.dream11.com/public/static_fonts/roboto-black-webfontd41d.eot]
[www.dream11.com/public/static_fonts/roboto-black-webfont.eot]
[www.dream11.com/public/static_fonts/roboto-black-webfont.woff]
[www.dream11.com/public/static_fonts/roboto-black-webfont.ttf]
[www.dream11.com/public/static_fonts/roboto-black-webfont.svg]
[www.dream11.com/public/static_fonts/roboto-bold-webfont.eot]
[www.dream11.com/public/static_fonts/roboto-bold-webfont.woff]
[www.dream11.com/public/static_fonts/roboto-bold-webfontd41d.eot]
[www.dream11.com/public/static_fonts/roboto-bold-webfont.svg]
[www.dream11.com/public/static_fonts/roboto-medium-webfont.eot]
[www.dream11.com/public/static_fonts/roboto-bold-webfont.ttf]
[www.dream11.com/public/static_fonts/roboto-medium-webfontd41d.eot]
[www.dream11.com/public/static_fonts/roboto-medium-webfont.woff]
[www.dream11.com/public/static_fonts/roboto-medium-webfont.ttf]
[www.dream11.com/public/static_fonts/roboto-medium-webfont.svg]
[www.dream11.com/public/static_fonts/roboto-regular-webfont.eot]
[www.dream11.com/public/static_fonts/roboto-regular-webfontd41d.eot]
[www.dream11.com/public/static_fonts/roboto-regular-webfont.woff]
[www.dream11.com/public/static_fonts/roboto-regular-webfont.ttf]
[backblue.gif]
[fade.gif]
[index.html]
[d13ir53smqqeyp.cloudfront.net/d11-static-pages/images/accordion-arrow.png]
[d13ir53smqqeyp.cloudfront.net/d11-static-pages/images/fc_home_download.png]
[d13ir53smqqeyp.cloudfront.net/d11-static-pages/images/apple-icon.png]
[d13ir53smqqeyp.cloudfront.net/d11-static-pages/images/android-icon.png]
[d13ir53smqqeyp.cloudfront.net/d11-static-pages/images/BlurrTrans.png]
[cdn.ampproject.org/v0/amp-accordion-0.1.js]
[www.dream11.com/public/static_fonts/roboto-regular-webfont.svg]
[d13ir53smqqeyp.cloudfront.net/d11-static-pages/landing_page/logo.png]
[d13ir53smqqeyp.cloudfront.net/d11-static-pages/images/logo_d11_mobile.png]
[d13ir53smqqeyp.cloudfront.net/d11-static-pages/images/tagline2.png]
[d13ir53smqqeyp.cloudfront.net/d11-static-pages/images/vivoipl-d11.png]
[d13ir53smqqeyp.cloudfront.net/d11-static-pages/images/players-2021-mob3.png]
[d13ir53smqqeyp.cloudfront.net/d11-static-pages/images/players_2021.png]
[d13ir53smqqeyp.cloudfront.net/d11-static-pages/images/tagline.png]
[d13ir53smqqeyp.cloudfront.net/d11-static-pages/images/rectangle.png]
[d13ir53smqqeyp.cloudfront.net/d11-static-pages/images/winning_step_new1_1.png]
[d13ir53smqqeyp.cloudfront.net/d11-static-pages/images/winning_step_new2.png]
[d13ir53smqqeyp.cloudfront.net/d11-static-pages/images/winning_step_new4.png]
[d13ir53smqqeyp.cloudfront.net/d11-static-pages/images/d11_rating.png]
[d13ir53smqqeyp.cloudfront.net/d11-static-pages/images/user1_2020.png]
[d13ir53smqqeyp.cloudfront.net/d11-static-pages/images/user1_winning.png]
[d13ir53smqqeyp.cloudfront.net/d11-static-pages/images/user3_2020.png]
[d13ir53smqqeyp.cloudfront.net/d11-static-pages/images/user2_winning.png]
[d13ir53smqqeyp.cloudfront.net/d11-static-pages/images/user2_2020.png]
[d13ir53smqqeyp.cloudfront.net/d11-static-pages/images/user3_winning.png]
[d13ir53smqqeyp.cloudfront.net/d11-static-pages/images/get_app_banner_2021_vivo.png]
[d13ir53smqqeyp.cloudfront.net/d11-static-pages/images/win_crore_1.png]
[d13ir53smqqeyp.cloudfront.net/d11-static-pages/images/win_crore_2.png]
[d13ir53smqqeyp.cloudfront.net/d11-static-pages/images/win_crore_3.png]
[d13ir53smqqeyp.cloudfront.net/d11-static-pages/images/d11_playstore.png]
[d13ir53smqqeyp.cloudfront.net/d11-static-pages/images/d11_appstore.png]
[d13ir53smqqeyp.cloudfront.net/d11-static-pages/images/download_qr.png]
[d13ir53smqqeyp.cloudfront.net/d11-static-pages/landing_page/footer_logo.png]
[d13ir53smqqeyp.cloudfront.net/d11-static-pages/images/facebook1.png]
[d13ir53smqqeyp.cloudfront.net/d11-static-pages/images/twitter1.png]
[d13ir53smqqeyp.cloudfront.net/d11-static-pages/images/linkedin1.png]
[d13ir53smqqeyp.cloudfront.net/d11-static-pages/images/youtube1.png]
[d13ir53smqqeyp.cloudfront.net/d11-static-pages/images/instagram.png]
[d13ir53smqqeyp.cloudfront.net/d11-static-pages/images/telegramlogo.png]
[www.dream11.com/games/how-to-play.html]
[www.dream11.com/download-appe68e.html]
[www.dream11.com/fantasy-football.html]
[www.dream11.com/fantasy-cricket.html]
[d13ir53smqqeyp.cloudfront.net/d11-static-pages/landing_page/fsta.png]
[www.dream11.com/about-us/communityguidelines.html]
[d11.s3.amazonaws.com/d11-static-pages/images/fifs_footer.png]
[www.dream11.com/about-us/fairplay.html]
[d11.s3.amazonaws.com/d11-static-pages/images/fp-logo.png]
[d13ir53smqqeyp.cloudfront.net/d11-static-pages/landing_page/vivo_ipl_footer.png]
[d13ir53smqqeyp.cloudfront.net/d11-static-pages/landing_page/bcci_footer.png]
[d13ir53smqqeyp.cloudfront.net/d11-static-pages/images/footer-icc-1.png]
[d13ir53smqqeyp.cloudfront.net/d11-static-pages/images/footer-nba.png]
[d13ir53smqqeyp.cloudfront.net/d11-static-pages/images/footer-pkl.png]
[d13ir53smqqeyp.cloudfront.net/d11-static-pages/landing_page/La_Liga_footer_new.png]
[d13ir53smqqeyp.cloudfront.net/d11-static-pages/images/footer-fih-1.png]
[d13ir53smqqeyp.cloudfront.net/d11-static-pages/landing_page/footer-hero-new.png]
[d13ir53smqqeyp.cloudfront.net/d11-static-pages/images/footer-bbl.png]
[d13ir53smqqeyp.cloudfront.net/d11-static-pages/landing_page/nzc_footer.png]
[d13ir53smqqeyp.cloudfront.net/d11-static-pages/images/footer-cpl.png]
[d13ir53smqqeyp.cloudfront.net/d11-static-pages/landing_page/supersmash_footer.png]
[d13ir53smqqeyp.cloudfront.net/contain/newsletter/template-04-03-16/abu_dhabi_footer_new1.png]
[d13ir53smqqeyp.cloudfront.net/d11-static-pages/landing_page/MSL_footer_new.png]
[d13ir53smqqeyp.cloudfront.net/d11-static-pages/landing_page/ECL_footer.png]
[d13ir53smqqeyp.cloudfront.net/contain/newsletter/template-04-03-16/t20-mumbai-logo_new1.png]
[d13ir53smqqeyp.cloudfront.net/d11-static-pages/landing_page/kpl_footer.png]
[www.dream11.com/about-us/privacypolicy.html]
[d13ir53smqqeyp.cloudfront.net/d11-static-pages/images/install_app1_mobile_new.png]
[www.dream11.com/games/fantasy-cricket/termsandconditions.html]
[d13ir53smqqeyp.cloudfront.net/d11-static-pages/images/install_app2_mobile_new.png]
[d13ir53smqqeyp.cloudfront.net/d11-static-pages/images/install_app3_mobile_new.png]
[d13ir53smqqeyp.cloudfront.net/d11-static-pages/images/secure_popup.png]
[www.dream11.com/index.html]
[www.dream11.com/public/static_fonts/roboto-black-webfont.svg]
[www.dream11.com/public/static_fonts/roboto-bold-webfont.svg]
[www.dream11.com/public/static_fonts/roboto-medium-webfont.svg]
[www.dream11.com/public/static_fonts/roboto-regular-webfont.svg]
[www.dream11.com/login.html]
[d13ir53smqqeyp.cloudfront.net/d11-static-pages/static-content/images/home-icon.png]
[www.dream11.com/games/what-is-dream11.html]
[d13ir53smqqeyp.cloudfront.net/d11-static-pages/static-content/images/htp-d11-icon.png]
[www.dream11.com/games/fantasy-cricket/how-to-play.html]
[d13ir53smqqeyp.cloudfront.net/d11-static-pages/static-content/images/htp-cricket-icon.png]
[d13ir53smqqeyp.cloudfront.net/d11-static-pages/static-content/images/htp-football-icon.png]
[www.dream11.com/games/kabaddi/how-to-play.html]
[d13ir53smqqeyp.cloudfront.net/d11-static-pages/static-content/images/htp-kabbadi-icon.png]
[www.dream11.com/games/football/how-to-play.html]
[d13ir53smqqeyp.cloudfront.net/d11-static-pages/static-content/images/htp-baseball-icon.png]
[www.dream11.com/games/baseball/how-to-play.html]
[www.dream11.com/games/basketball/how-to-play.html]
[d13ir53smqqeyp.cloudfront.net/d11-static-pages/static-content/images/htp-basketball-icon.png]
[www.dream11.com/games/hockey/how-to-play.html]
[d13ir53smqqeyp.cloudfront.net/d11-static-pages/static-content/images/htp-hocky-icon.png]
[www.dream11.com/games/volleyball/how-to-play.html]
[d13ir53smqqeyp.cloudfront.net/d11-static-pages/static-content/images/htp-volly-icon.png]
[www.dream11.com/games/handball/how-to-play.html]
[d13ir53smqqeyp.cloudfront.net/d11-static-pages/static-content/images/htp-handball-icon.png]
[www.dream11.com/games/nfl/how-to-play.html]
[d13ir53smqqeyp.cloudfront.net/d11-static-pages/static-content/images/htp-nfl-icon.png]
[www.dream11.com/games/how-to-play.html]
[d13ir53smqqeyp.cloudfront.net/d11-static-pages/landing_page/dream11-logo.png]
[www.dream11.com/download-app.html]
[d13ir53smqqeyp.cloudfront.net/d11-static-pages/images/players_2121_downlaodApp_mob4.png]
[d13ir53smqqeyp.cloudfront.net/d11-static-pages/images/players_2121_downlaodApp.png]
[d13ir53smqqeyp.cloudfront.net/d11-static-pages/images/safe_secure.png]
[d13ir53smqqeyp.cloudfront.net/d11-static-pages/images/installApp_1_new.png]
[d13ir53smqqeyp.cloudfront.net/d11-static-pages/images/installApp_2_new.png]
[d13ir53smqqeyp.cloudfront.net/d11-static-pages/images/installApp_3.png]
[d13ir53smqqeyp.cloudfront.net/d11-static-pages/images/1.1-DAPage.png]
[d13ir53smqqeyp.cloudfront.net/d11-static-pages/images/1.2-DAPage.png]
[d13ir53smqqeyp.cloudfront.net/d11-static-pages/images/1.3-DAPage.png]
[d13ir53smqqeyp.cloudfront.net/d11-static-pages/images/1.4-DAPage.png]
[d13ir53smqqeyp.cloudfront.net/d11-static-pages/images/1.5-DAPage.png]
[d13ir53smqqeyp.cloudfront.net/d11-static-pages/images/1.6-DAPage.png]
[www.dream11.com/download-appe68e.html]
[cdn.ampproject.org/v0/amp-youtube-0.1.js]
[d13ir53smqqeyp.cloudfront.net/d11-static-pages/images/players_2121_cricket_mob2.png]
[d13ir53smqqeyp.cloudfront.net/d11-static-pages/images/fantasy-cricket.png]
[d13ir53smqqeyp.cloudfront.net/d11-static-pages/images/official-partners-logo.png]
[d13ir53smqqeyp.cloudfront.net/d11-static-pages/images/app-rating.png]
[d13ir53smqqeyp.cloudfront.net/d11-static-pages/images/android_app_d11.png]
[d13ir53smqqeyp.cloudfront.net/d11-static-pages/images/app_stroe_d11.png]
[www.dream11.com/fantasy-cricket.html]
[cdn.ampproject.org/v0/amp-bind-0.1.js]
[cdn.ampproject.org/v0/amp-list-0.1.js]
[cdn.ampproject.org/v0/amp-mustache-0.2.js]
[cdn.ampproject.org/v0/amp-form-0.1.js]
[www.dream11.com/fantasy-football/index.html]
[cdn.ampproject.org/v0/amp-selector-0.1.js]
[d13ir53smqqeyp.cloudfront.net/d11-static-pages/images/dhoni-football2.png]
[d13ir53smqqeyp.cloudfront.net/d11-static-pages/images/laliga-partnerlogo.png]
[d13ir53smqqeyp.cloudfront.net/d11-static-pages/images/bl-d11-partnerlogo.png]
[d13ir53smqqeyp.cloudfront.net/d11-static-pages/images/ISL-partnerlogo.png]
[www.dream11.com/fantasy-football.html]
[www.dream11.com/about-us/legality.html]
[d13ir53smqqeyp.cloudfront.net/d11-static-pages/css/mastereef3.css]
[d13ir53smqqeyp.cloudfront.net/d11-static-pages/css/footer.css]
[www.dream11.com/public/css/static_common.css]
[www.dream11.com/public/static_fonts/noway-regular-webfont.eot]
[www.dream11.com/public/static_fonts/noway-regular-webfontd41d.eot]
[www.dream11.com/public/static_fonts/noway-regular-webfont.woff2]
[www.dream11.com/public/static_fonts/noway-regular-webfont.woff]
[www.dream11.com/public/static_fonts/noway-regular-webfont.ttf]
[d13ir53smqqeyp.cloudfront.net/contain/marketing/landing_pages/header_logo_new.png]
[www.dream11.com/public/static_fonts/noway-regular-webfont.svg]
[d13ir53smqqeyp.cloudfront.net/d11-static-pages/js/jquery-3.2.1.js]
[d13ir53smqqeyp.cloudfront.net/d11-static-pages/js/common8510.js]
[www.dream11.com/about-us/communityguidelines.html]
[d11.s3.amazonaws.com/d11-static-pages/js/jquery-1.11.1.minc70c.js]
[d13ir53smqqeyp.cloudfront.net/contain/marketing/landing_pages/new_logo.png]
[www.dream11.com_443/images/fairplay/fairplay-imgc70c.png]
[www.dream11.com_443/images/fairplay/equal-opportunityc70c.png]
[www.dream11.com_443/images/fairplay/fix-creditc70c.png]
[www.dream11.com_443/images/fairplay/round-lockc70c.png]
[www.dream11.com_443/images/fairplay/view-competitionc70c.png]
[www.dream11.com_443/images/fairplay/winner-cupc70c.png]
[www.dream11.com_443/images/fairplay/boyc70c.png]
[www.dream11.com_443/images/fairplay/safec70c.png]
[www.dream11.com_443/images/fairplay/employee-restrictc70c.png]
[www.dream11.com_443/images/fairplay/legalc70c.png]
[www.dream11.com_443/images/fairplay/communicationc70c.png]
[www.dream11.com_443/images/fairplay/protectc70c.png]
[www.dream11.com_443/images/fairplay/res-gamingc70c.png]
[www.dream11.com_443/images/fairplay/no-cashc70c.png]
[www.dream11.com/about-us/fairplay.html]
[www.dream11.com/leaguesc70c.html]
[www.dream11.com/about-us/privacypolicy.html]
[d13ir53smqqeyp.cloudfront.net/d11-static-pages/css/masterf748.css]
[d13ir53smqqeyp.cloudfront.net/d11-static-pages/js/jquery-1.11.1.min.js]
[www.dream11.com/games/personlized/streak_intro.html]
[www.dream11.com/games/fantasy-cricket/termsandconditions.html]
[www.dream11.com/public/satan.js]
[www.datadoghq-browser-agent.com/datadog-rum.js]
[www.dream11.com/public/imgs/desktop-pwa_11.jpg]
[www.dream11.com/public/imgs/pwa-v3-144.png]
[www.dream11.com/public/MaterialIcons-Regular.woff2]
[www.dream11.com/public/vendors_main-fd3ec4b95d98b9c25f6d-chunk.js]
[www.dream11.com/public/main-e0aa74bd7ff2c1178ada-chunk.js]
[www.dream11.com/public/imgs/dream11_logo-3.svg]
[www.dream11.com/public/imgs/favicon-32x-1.png]
[www.dream11.com/public/main-172c08140cda3d374b14.css]
[www.dream11.com/login.html]
[www.dream11.com/sw.js]
[d13ir53smqqeyp.cloudfront.net/d11-static-pages/css/how-to-play.css]
[www.dream11.com/public/css/htp.css]
[www.dream11.com/public/css/htp-kabaddi.css]
[d13ir53smqqeyp.cloudfront.net/d11-static-pages/static-content/gif/loader-d11.gif]
[d13ir53smqqeyp.cloudfront.net/d11-static-pages/static-content/images/back.png]
[d13ir53smqqeyp.cloudfront.net/d11-static-pages/static-content/images/what-is-d11-banner.png]
[d13ir53smqqeyp.cloudfront.net/d11-static-pages/static-content/images/what-is-d11-logo.png]
[d13ir53smqqeyp.cloudfront.net/d11-static-pages/static-content/images/back-hr.png]
[d13ir53smqqeyp.cloudfront.net/d11-static-pages/static-content/images/what-is-d11-steps.png]
[code.jquery.com/jquery-3.5.1.min.js]
[www.dream11.com/games/what-is-dream11.html]
[code.jquery.com/ui/1.12.1/jquery-ui.js]
[d11.s3.amazonaws.com/d11-static-pages/static-content/images/home-icon.png]
[d13ir53smqqeyp.cloudfront.net/d11-static-pages/images/back.png]
[d13ir53smqqeyp.cloudfront.net/d11-static-pages/static-content/images/cricket_banner.png]
[d11.s3.amazonaws.com/d11-static-pages/static-content/images/htp-cricket-icon.png]
[d11.s3.amazonaws.com/d11-static-pages/static-content/images/battingpoints.png]
[d11.s3.amazonaws.com/d11-static-pages/static-content/images/bowling_points.png]
[d11.s3.amazonaws.com/d11-static-pages/static-content/images/fielding_points.png]
[d11.s3.amazonaws.com/d11-static-pages/static-content/images/other_points.png]
[d11.s3.amazonaws.com/d11-static-pages/static-content/images/economy_points.png]
[d11.s3.amazonaws.com/d11-static-pages/static-content/images/strike_rate.png]
[www.dream11.com/games/fantasy-cricket/how-to-play.html]
[d13ir53smqqeyp.cloudfront.net/d11-static-pages/static-content/images/football_banner.png]
[d13ir53smqqeyp.cloudfront.net/d11-static-pages/static-content/images/football-attack.png]
[d13ir53smqqeyp.cloudfront.net/d11-static-pages/static-content/images/football-defence.png]
[d13ir53smqqeyp.cloudfront.net/d11-static-pages/static-content/images/other_points.png]
[d13ir53smqqeyp.cloudfront.net/d11-static-pages/static-content/images/football-cards-panelties.png]
[www.dream11.com/games/football/how-to-play.html]
[d13ir53smqqeyp.cloudfront.net/d11-static-pages/static-content/images/kabaddi-banner.png]
[d13ir53smqqeyp.cloudfront.net/contain/android-apps/htp-kabbadi-icon.png]
[d11.s3.amazonaws.com/d11-static-pages/static-content/images/raiding_points_kabaddi.png]
[d11.s3.amazonaws.com/d11-static-pages/static-content/images/defending_points_kabaddi.png]
[d11.s3.amazonaws.com/d11-static-pages/static-content/images/other_points_kabaddi.png]
[d11.s3.amazonaws.com/d11-static-pages/static-content/images/cards_team_points_kabaddi.png]
[www.dream11.com/games/kabaddi/how-to-play.html]
[d13ir53smqqeyp.cloudfront.net/d11-static-pages/static-content/images/baseball-banner.png]
[d13ir53smqqeyp.cloudfront.net/d11-static-pages/static-content/images/baseball_positions.png]
[d13ir53smqqeyp.cloudfront.net/d11-static-pages/static-content/images/baseball_batting.png]
[d13ir53smqqeyp.cloudfront.net/d11-static-pages/static-content/images/understanding-pitching-baseball.png]
[d13ir53smqqeyp.cloudfront.net/d11-static-pages/static-content/images/baseball-pitch.png]
[d13ir53smqqeyp.cloudfront.net/d11-static-pages/static-content/images/baseball-ball.png]
[d13ir53smqqeyp.cloudfront.net/d11-static-pages/static-content/images/baseball-battiing.png]
[d13ir53smqqeyp.cloudfront.net/d11-static-pages/static-content/images/baseball-pitching.png]
[www.dream11.com/games/baseball/how-to-play.html]
[d13ir53smqqeyp.cloudfront.net/d11-static-pages/static-content/images/basketball-banner.png]
[d13ir53smqqeyp.cloudfront.net/d11-static-pages/static-content/images/basketball-action.png]
[www.dream11.com/games/basketball/how-to-play.html]
[d13ir53smqqeyp.cloudfront.net/d11-static-pages/static-content/images/hockey-banner.png]
[d13ir53smqqeyp.cloudfront.net/d11-static-pages/static-content/images/htp-hockey-icon.png]
[d11.s3.amazonaws.com/d11-static-pages/static-content/images/hockey-attacking.png]
[d11.s3.amazonaws.com/d11-static-pages/static-content/images/hockey-defending.png]
[d11.s3.amazonaws.com/d11-static-pages/static-content/images/hockey-penalties.png]
[www.dream11.com/games/hockey/how-to-play.html]
[d13ir53smqqeyp.cloudfront.net/d11-static-pages/static-content/images/volleyball_Banner.png]
[d13ir53smqqeyp.cloudfront.net/d11-static-pages/static-content/images/htp-volleyball-icon.png]
[d11.s3.amazonaws.com/d11-static-pages/static-content/images/volleyball-attacking.png]
[d11.s3.amazonaws.com/d11-static-pages/static-content/images/volleyball-defending.png]
[d11.s3.amazonaws.com/d11-static-pages/static-content/images/volleyball-other-points.png]
[www.dream11.com/games/volleyball/how-to-play.html]
[d13ir53smqqeyp.cloudfront.net/d11-static-pages/static-content/images/handball-banner.png]
[d11.s3.amazonaws.com/d11-static-pages/static-content/images/handball-attacking.png]
[d11.s3.amazonaws.com/d11-static-pages/static-content/images/hamdnall-defending.png]
[d11.s3.amazonaws.com/d11-static-pages/static-content/images/handball-other-points.png]
[d11.s3.amazonaws.com/d11-static-pages/static-content/images/card-other-panalties.png]
[www.dream11.com/games/handball/how-to-play.html]
[d13ir53smqqeyp.cloudfront.net/d11-static-pages/static-content/images/nfl-banner.png]
[d11.s3.amazonaws.com/d11-static-pages/static-content/images/NFL-936-10.png]
[d11.s3.amazonaws.com/d11-static-pages/static-content/images/NFL-936-12.png]
[d11.s3.amazonaws.com/d11-static-pages/static-content/images/nfl_attack.png]
[d11.s3.amazonaws.com/d11-static-pages/static-content/images/nfl_defence.png]
[www.dream11.com/games/nfl/how-to-play.html]
[www.dream11.com/download-app.html]
[d13ir53smqqeyp.cloudfront.net/d11-static-pages/images/1.0-DAPage_new.png]
[www.dream11.com/fantasy-football/index.html]
[www.googletagmanager.com/gtm5445.html]
[www.dream11.com/about-us/legality.html]
[d13ir53smqqeyp.cloudfront.net/d11-static-pages/images/linkedin.png]
[d13ir53smqqeyp.cloudfront.net/d11-static-pages/css/mastereef3.css]
[d13ir53smqqeyp.cloudfront.net/d11-static-pages/css/footer.css]
[www.dream11.com/public/public/static_fonts/noway-regular-webfont.1b0.delayed]
[www.dream11.com/public/public/static_fonts/noway-regular-webfontd41d.eot]
[www.dream11.com/public/static_fonts/noway-medium-webfont.eot]
[www.dream11.com/public/static_fonts/noway-medium-webfontd41d.eot]
[www.dream11.com/public/static_fonts/noway-medium-webfont.woff2]
[www.dream11.com/public/static_fonts/noway-medium-webfont.woff]
[www.dream11.com/public/static_fonts/noway-medium-webfont.ttf]
[www.dream11.com/public/css/static_common.css]
[www.dream11.com/public/static_fonts/noway-regular-webfont.svg]
[229-ct.c3tag.com/c3metrics-229.js]
[www.dream11.com/public/static_fonts/noway-medium-webfont.svg]
[d11.s3.amazonaws.com/d11-static-pages/images/fairplay_top-image.png]
[www.dream11.com_443/images/mobile/ico-close-blk@2x.png]
[www.dream11.com_443/images/mobile/ico-close@2x.png]
[fantasycricket.dream11.com/images/v2/close@2xeb3c.png]
[d11.s3.amazonaws.com/d11-static-pages/css/fairplay.css]
[www.dream11.com/about-us/www.dream11.com/tf/cricket/index.html]
[www.dream11.com/leaguesc70c.html]
[d13ir53smqqeyp.cloudfront.net/d11-static-pages/css/masterf748.css]
[www.dream11.com/leagues.html]
[d13ir53smqqeyp.cloudfront.net/d11-static-pages/images/static_logo_red.png]
[d13ir53smqqeyp.cloudfront.net/d11-static-pages/images/streak_intro_static_banner_desktop.png]
[d13ir53smqqeyp.cloudfront.net/d11-static-pages/images/streak_intro_static_banner.png]
[www.dream11.com/games/personlized/streak_intro.html]
[www.dream11.com/public/manifest.html]
[www.dream11.com/public/imgs/dream11_logo-3.svg]
[www.dream11.com/public/fonts/d11-icons/style3cc5.css]
[www.dream11.com/public/fonts/d11-fonts40a8.eot]
[www.dream11.com/public/fonts/d11-fonts40a8.ttf]
[www.dream11.com/public/fonts/d11-fonts40a8.woff]
[www.dream11.com/public/fonts/d11-fonts40a8.svg]
[www.dream11.com/public/MaterialIcons-Regular.eot]
[www.dream11.com/public/MaterialIcons-Regular.woff]
[www.dream11.com/public/MaterialIcons-Regular.ttf]
[www.dream11.com/public/fonts/Noway-Roman-Webfont/Noway-Light-webfont/noway-light-webfont.eot]
[www.dream11.com/public/fonts/Noway-Roman-Webfont/Noway-Light-webfont/noway-light-webfont.woff2]
[www.dream11.com/public/fonts/Noway-Roman-Webfont/Noway-Light-webfont/noway-light-webfont.woff]
[www.dream11.com/public/fonts/Noway-Roman-Webfont/Noway-Light-webfont/noway-light-webfont.ttf]
[www.dream11.com/public/fonts/Noway-Roman-Webfont/Noway-Regular-webfont/noway-regular-webfont.eot]
[www.dream11.com/public/fonts/Noway-Roman-Webfont/Noway-Regular-webfont/noway-regular-webfont.woff2]
[www.dream11.com/public/fonts/Noway-Roman-Webfont/Noway-Regular-webfont/noway-regular-webfont.woff]
[www.dream11.com/public/fonts/Noway-Roman-Webfont/Noway-Regular-webfont/noway-regular-webfont.ttf]
[www.dream11.com/public/fonts/Noway-Roman-Webfont/Noway-Medium-webfont/noway-medium-webfont.eot]
[www.dream11.com/public/fonts/Noway-Roman-Webfont/Noway-Medium-webfont/noway-medium-webfont.woff2]
[www.dream11.com/public/fonts/Noway-Roman-Webfont/Noway-Medium-webfont/noway-medium-webfont.woff]
[www.dream11.com/public/fonts/Noway-Roman-Webfont/Noway-Medium-webfont/noway-medium-webfont.ttf]
[www.dream11.com/public/imgs/pwa_default_user_avatar.png]
[www.dream11.com/public/main-172c08140cda3d374b14.css]
[www.dream11.com_443/images/mobile/sprite-navad54.png]
[www.dream11.com_443/images/mobile/ico-close@2xad54.png]
[www.dream11.com_443/images/mobile/home-iconad54.png]
[www.dream11.com_443/images/mobile/match-centread54.png]
[www.dream11.com_443/images/mobile/cricket-iconad54.png]
[www.dream11.com_443/images/mobile/uf-cricket-iconad54.png]
[www.dream11.com_443/images/mobile/football-iconad54.png]
[www.dream11.com_443/images/mobile/kabaddi-iconad54.png]
[www.dream11.com_443/images/mobile/skillup-menu-iconad54.png]
[www.dream11.com_443/images/mobile/menu-iconad54.png]
[www.dream11.com_443/images/mobile/no-notification@2xad54.png]
[www.dream11.com_443/images/mobile/ico-close-blk@2xad54.png]
[d13ir53smqqeyp.cloudfront.net/d11-static-pages/css/how-to-play.css]
[d13ir53smqqeyp.cloudfront.net/d11-static-pages/static-content/images/right_banner_desktop.jpg]
[d13ir53smqqeyp.cloudfront.net/d11-static-pages/images/black-vr.png]
[d13ir53smqqeyp.cloudfront.net/d11-static-pages/images/whitearrow.png]
[d11.s3.amazonaws.com/d11-static-pages/static-content/images/bulb-icon.png]
[www.dream11.com/public/css/htp.css]
[d13ir53smqqeyp.cloudfront.net/d11-static-pages/static-content/images/d11-sprite.png]
[d13ir53smqqeyp.cloudfront.net/d11-static-pages/static-content/images/cricket-sprite.png]
[d13ir53smqqeyp.cloudfront.net/d11-static-pages/static-content/images/football-sprite.png]
[d13ir53smqqeyp.cloudfront.net/d11-static-pages/static-content/images/kabaddi-sprite.png]
[d13ir53smqqeyp.cloudfront.net/d11-static-pages/static-content/images/baseball-sprite.png]
[d13ir53smqqeyp.cloudfront.net/d11-static-pages/static-content/images/basketball-sprite.png]
[d13ir53smqqeyp.cloudfront.net/d11-static-pages/static-content/images/futsal-sprite.png]
[d13ir53smqqeyp.cloudfront.net/d11-static-pages/static-content/images/hockey-sprite.png]
[d13ir53smqqeyp.cloudfront.net/d11-static-pages/static-content/images/volleyball-sprite.png]
[d13ir53smqqeyp.cloudfront.net/d11-static-pages/static-content/images/nfl-sprite.png]
[www.dream11.com/public/css/htp-kabaddi.css]
[www.dream11.com/public/public/static_fonts/noway-regular-webfont.html]
[www.dream11.com/public/public/static_fonts/noway-regular-webfontd41d.html]
[www.dream11.com/public/static_fonts/noway-medium-webfont.svg]
[d11.s3.amazonaws.com/images/fairplay/footer-b-g.png]
[d11.s3.amazonaws.com/images/fairplay/f-b.png]
[d11.s3.amazonaws.com/images/fairplay/twitter.png]
[d11.s3.amazonaws.com/images/fairplay/google.png]
[www.dream11.com/leagues.html]
[www.dream11.com/public/fonts/d11-icons/fonts/d11_iconscf2a.eot]
[www.dream11.com/public/fonts/d11-icons/fonts/d11_iconscf2a.woff2]
[www.dream11.com/public/fonts/d11-icons/fonts/d11_iconscf2a.ttf]
[www.dream11.com/public/fonts/d11-icons/fonts/d11_iconscf2a.woff]
[www.dream11.com/public/fonts/d11-icons/style3cc5.css]
[www.dream11.com/public/fonts/d11-fonts40a8.svg]
[d13ir53smqqeyp.cloudfront.net/images/mobile/nba-icon-white@2xad54.png]
[www.dream11.com/public/fonts/d11-icons/fonts/d11_iconscf2a.svg]
[www.dream11.com/public/fonts/d11-icons/fonts/d11_iconscf2a.svg]
