[www.dream11.com/leaguesd764.html]
[backblue.gif]
[fade.gif]
[index.html]
[www.dream11.com/public/satan.js]
[www.datadoghq-browser-agent.com/datadog-rum.js]
[www.dream11.com/public/imgs/desktop-pwa_11.jpg]
[www.dream11.com/public/imgs/pwa-v3-144.png]
[www.dream11.com/public/MaterialIcons-Regular.woff2]
[www.dream11.com/public/vendors_main-fd3ec4b95d98b9c25f6d-chunk.js]
[www.dream11.com/public/main-e0aa74bd7ff2c1178ada-chunk.js]
[www.dream11.com/public/imgs/dream11_logo-3.svg]
[www.dream11.com/public/imgs/favicon-32x-1.png]
[www.dream11.com/public/main-172c08140cda3d374b14.css]
[www.dream11.com/leaguesd764.html]
[www.dream11.com/public/manifest.html]
[www.dream11.com/public/imgs/dream11_logo-3.svg]
[www.dream11.com/sw.js]
[www.dream11.com/public/fonts/d11-icons/style3cc5.css]
[www.dream11.com/public/fonts/d11-fonts40a8.eot]
[www.dream11.com/public/fonts/d11-fonts40a8.ttf]
[www.dream11.com/public/fonts/d11-fonts40a8.woff]
[www.dream11.com/public/fonts/d11-fonts40a8.svg]
[www.dream11.com/public/MaterialIcons-Regular.eot]
[www.dream11.com/public/MaterialIcons-Regular.woff]
[www.dream11.com/public/MaterialIcons-Regular.ttf]
[www.dream11.com/public/fonts/Noway-Roman-Webfont/Noway-Light-webfont/noway-light-webfont.eot]
[www.dream11.com/public/fonts/Noway-Roman-Webfont/Noway-Light-webfont/noway-light-webfont.woff2]
[www.dream11.com/public/fonts/Noway-Roman-Webfont/Noway-Light-webfont/noway-light-webfont.woff]
[www.dream11.com/public/fonts/Noway-Roman-Webfont/Noway-Light-webfont/noway-light-webfont.ttf]
[www.dream11.com/public/fonts/Noway-Roman-Webfont/Noway-Regular-webfont/noway-regular-webfont.eot]
[www.dream11.com/public/fonts/Noway-Roman-Webfont/Noway-Regular-webfont/noway-regular-webfont.woff2]
[www.dream11.com/public/fonts/Noway-Roman-Webfont/Noway-Regular-webfont/noway-regular-webfont.woff]
[www.dream11.com/public/fonts/Noway-Roman-Webfont/Noway-Regular-webfont/noway-regular-webfont.ttf]
[www.dream11.com/public/fonts/Noway-Roman-Webfont/Noway-Medium-webfont/noway-medium-webfont.eot]
[www.dream11.com/public/fonts/Noway-Roman-Webfont/Noway-Medium-webfont/noway-medium-webfont.woff2]
[www.dream11.com/public/fonts/Noway-Roman-Webfont/Noway-Medium-webfont/noway-medium-webfont.woff]
[www.dream11.com/public/fonts/Noway-Roman-Webfont/Noway-Medium-webfont/noway-medium-webfont.ttf]
[www.dream11.com/public/main-172c08140cda3d374b14.css]
[www.dream11.com/public/imgs/pwa_default_user_avatar.png]
[www.dream11.com/public/fonts/d11-icons/fonts/d11_iconscf2a.eot]
[www.dream11.com/public/fonts/d11-icons/fonts/d11_iconscf2a.woff2]
[www.dream11.com/public/fonts/d11-icons/fonts/d11_iconscf2a.ttf]
[www.dream11.com/public/fonts/d11-icons/fonts/d11_iconscf2a.woff]
[www.dream11.com/public/fonts/d11-icons/style3cc5.css]
[www.dream11.com/public/fonts/d11-fonts40a8.svg]
[www.dream11.com/public/fonts/d11-icons/fonts/d11_iconscf2a.svg]
[www.dream11.com/public/fonts/d11-icons/fonts/d11_iconscf2a.svg]
